================================================================================
[2026-09-06 11:14:33] CRASH / AUTO-RESTART #1
Command:   node scrapers/amazon-isbn/amazon-isbn.js input-data/amazon-india/isbns/2026-09-06/input_327.txt 
Exit Code: 1 | Signal: N/A
Reason:    Exited with code 1
--------------------------------------------------------------------------------
Recent Output (Last 18 lines):
node:internal/process/promises:394
    triggerUncaughtException(err, true /* fromPromise */);
    ^
browserType.launchPersistentContext: Executable doesn't exist at /Users/sanchitjain/Library/Caches/ms-playwright/chromium-1217/chrome-mac-arm64/Google Chrome for Testing.app/Contents/MacOS/Google Chrome for Testing
╔════════════════════════════════════════════════════════════╗
║ Looks like Playwright was just installed or updated.       ║
║ Please run the following command to download new browsers: ║
║                                                            ║
║     npx playwright install                                 ║
║                                                            ║
║ <3 Playwright Team                                         ║
╚════════════════════════════════════════════════════════════╝
    at async Proxy.launchPersistentContext (/Users/sanchitjain/vscode_files/book_listing_automator/node_modules/playwright-extra/dist/index.cjs.js:703:25)
    at async initBrowser (/Users/sanchitjain/vscode_files/book_listing_automator/utils/browser.js:13:19)
    at async /Users/sanchitjain/vscode_files/book_listing_automator/scrapers/amazon-isbn/amazon-isbn.js:45:27 {
  name: 'Error'
}
Node.js v22.17.1
================================================================================

================================================================================
[2026-09-06 11:14:38] CRASH / AUTO-RESTART #2
Command:   node scrapers/amazon-isbn/amazon-isbn.js input-data/amazon-india/isbns/2026-09-06/input_327.txt 
Exit Code: 1 | Signal: N/A
Reason:    Exited with code 1
--------------------------------------------------------------------------------
Recent Output (Last 18 lines):
node:internal/process/promises:394
    triggerUncaughtException(err, true /* fromPromise */);
    ^
browserType.launchPersistentContext: Executable doesn't exist at /Users/sanchitjain/Library/Caches/ms-playwright/chromium-1217/chrome-mac-arm64/Google Chrome for Testing.app/Contents/MacOS/Google Chrome for Testing
╔════════════════════════════════════════════════════════════╗
║ Looks like Playwright was just installed or updated.       ║
║ Please run the following command to download new browsers: ║
║                                                            ║
║     npx playwright install                                 ║
║                                                            ║
║ <3 Playwright Team                                         ║
╚════════════════════════════════════════════════════════════╝
    at async Proxy.launchPersistentContext (/Users/sanchitjain/vscode_files/book_listing_automator/node_modules/playwright-extra/dist/index.cjs.js:703:25)
    at async initBrowser (/Users/sanchitjain/vscode_files/book_listing_automator/utils/browser.js:13:19)
    at async /Users/sanchitjain/vscode_files/book_listing_automator/scrapers/amazon-isbn/amazon-isbn.js:45:27 {
  name: 'Error'
}
Node.js v22.17.1
================================================================================

================================================================================
[2026-09-06 11:18:16] CRASH / AUTO-RESTART #1
Command:   node scrapers/amazon-isbn/amazon-isbn.js input-data/amazon-india/isbns/2026-09-06/input_OX2.txt 
Exit Code: 1 | Signal: N/A
Reason:    Exited with code 1
--------------------------------------------------------------------------------
Recent Output (Last 21 lines):
node:internal/process/promises:394
    triggerUncaughtException(err, true /* fromPromise */);
    ^
browserType.launchPersistentContext: Failed to create a ProcessSingleton for your profile directory. This usually means that the profile is already in use by another instance of Chromium.
Call log:
[2m  - <launching> /Users/sanchitjain/Library/Caches/ms-playwright/chromium-1217/chrome-mac-arm64/Google Chrome for Testing.app/Contents/MacOS/Google Chrome for Testing --disable-field-trial-config --disable-background-networking --disable-background-timer-throttling --disable-backgrounding-occluded-windows --disable-back-forward-cache --disable-breakpad --disable-client-side-phishing-detection --disable-component-update --no-default-browser-check --disable-dev-shm-usage --disable-features=AvoidUnnecessaryBeforeUnloadCheckSync,BoundaryEventDispatchTracksNodeRemoval,DestroyProfileOnBrowserClose,DialMediaRouteProvider,GlobalMediaControls,HttpsUpgrades,LensOverlay,MediaRouter,PaintHolding,ThirdPartyStoragePartitioning,Translate,AutoDeElevate,RenderDocument,OptimizationHints --enable-features=CDPScreenshotNewSurface --allow-pre-commit-input --disable-hang-monitor --disable-ipc-flooding-protection --disable-popup-blocking --disable-prompt-on-repost --disable-renderer-backgrounding --force-color-profile=srgb --metrics-recording-only --no-first-run --password-store=basic --use-mock-keychain --no-service-autorun --export-tagged-pdf --disable-search-engine-choice-screen --unsafely-disable-devtools-self-xss-warnings --edge-skip-compat-layer-relaunch --enable-automation --disable-infobars --disable-search-engine-choice-screen --disable-sync --enable-unsafe-swiftshader --no-sandbox --disable-dev-shm-usage --no-sandbox --disable-setuid-sandbox --disable-blink-features=AutomationControlled,AutomationControlled --disable-gpu --lang=en-IN,en-GB,en-US --user-data-dir=/Users/sanchitjain/amazon_search_profile --remote-debugging-pipe about:blank[22m
[2m  - <launched> pid=41359[22m
[2m  - [pid=41359][err] [41359:371091:0906/164816.408385:ERROR:chrome/browser/process_singleton_posix.cc:345] Failed to create /Users/sanchitjain/amazon_search_profile/SingletonLock: File exists (17)[22m
[2m  - [pid=41359][err] [41359:371091:0906/164816.408483:ERROR:chrome/app/chrome_main_delegate.cc:515] Failed to create a ProcessSingleton for your profile directory. This means that running multiple instances would start multiple browser processes rather than opening a new window in the existing process. Aborting now to avoid profile corruption.[22m
[2m  - [pid=41359] <gracefully close start>[22m
[2m  - [pid=41359] <kill>[22m
[2m  - [pid=41359] <will force kill>[22m
[2m  - [pid=41359] exception while trying to kill process: Error: kill EPERM[22m
[2m  - [pid=41359] <process did exit: exitCode=21, signal=null>[22m
[2m  - [pid=41359] starting temporary directories cleanup[22m
[2m  - [pid=41359] finished temporary directories cleanup[22m
[2m  - [pid=41359] <gracefully close end>[22m
    at async Proxy.launchPersistentContext (/Users/sanchitjain/vscode_files/book_listing_automator/node_modules/playwright-extra/dist/index.cjs.js:703:25)
    at async initBrowser (/Users/sanchitjain/vscode_files/book_listing_automator/utils/browser.js:13:19)
    at async /Users/sanchitjain/vscode_files/book_listing_automator/scrapers/amazon-isbn/amazon-isbn.js:45:27
Node.js v22.17.1
================================================================================

================================================================================
[2026-09-06 11:18:21] CRASH / AUTO-RESTART #2
Command:   node scrapers/amazon-isbn/amazon-isbn.js input-data/amazon-india/isbns/2026-09-06/input_OX2.txt 
Exit Code: 1 | Signal: N/A
Reason:    Exited with code 1
--------------------------------------------------------------------------------
Recent Output (Last 21 lines):
node:internal/process/promises:394
    triggerUncaughtException(err, true /* fromPromise */);
    ^
browserType.launchPersistentContext: Failed to create a ProcessSingleton for your profile directory. This usually means that the profile is already in use by another instance of Chromium.
Call log:
[2m  - <launching> /Users/sanchitjain/Library/Caches/ms-playwright/chromium-1217/chrome-mac-arm64/Google Chrome for Testing.app/Contents/MacOS/Google Chrome for Testing --disable-field-trial-config --disable-background-networking --disable-background-timer-throttling --disable-backgrounding-occluded-windows --disable-back-forward-cache --disable-breakpad --disable-client-side-phishing-detection --disable-component-update --no-default-browser-check --disable-dev-shm-usage --disable-features=AvoidUnnecessaryBeforeUnloadCheckSync,BoundaryEventDispatchTracksNodeRemoval,DestroyProfileOnBrowserClose,DialMediaRouteProvider,GlobalMediaControls,HttpsUpgrades,LensOverlay,MediaRouter,PaintHolding,ThirdPartyStoragePartitioning,Translate,AutoDeElevate,RenderDocument,OptimizationHints --enable-features=CDPScreenshotNewSurface --allow-pre-commit-input --disable-hang-monitor --disable-ipc-flooding-protection --disable-popup-blocking --disable-prompt-on-repost --disable-renderer-backgrounding --force-color-profile=srgb --metrics-recording-only --no-first-run --password-store=basic --use-mock-keychain --no-service-autorun --export-tagged-pdf --disable-search-engine-choice-screen --unsafely-disable-devtools-self-xss-warnings --edge-skip-compat-layer-relaunch --enable-automation --disable-infobars --disable-search-engine-choice-screen --disable-sync --enable-unsafe-swiftshader --no-sandbox --disable-dev-shm-usage --no-sandbox --disable-setuid-sandbox --disable-blink-features=AutomationControlled,AutomationControlled --disable-gpu --lang=en-IN,en-GB,en-US --user-data-dir=/Users/sanchitjain/amazon_search_profile --remote-debugging-pipe about:blank[22m
[2m  - <launched> pid=41408[22m
[2m  - [pid=41408][err] [41408:371256:0906/164821.719435:ERROR:chrome/browser/process_singleton_posix.cc:345] Failed to create /Users/sanchitjain/amazon_search_profile/SingletonLock: File exists (17)[22m
[2m  - [pid=41408][err] [41408:371256:0906/164821.719536:ERROR:chrome/app/chrome_main_delegate.cc:515] Failed to create a ProcessSingleton for your profile directory. This means that running multiple instances would start multiple browser processes rather than opening a new window in the existing process. Aborting now to avoid profile corruption.[22m
[2m  - [pid=41408] <gracefully close start>[22m
[2m  - [pid=41408] <kill>[22m
[2m  - [pid=41408] <will force kill>[22m
[2m  - [pid=41408] exception while trying to kill process: Error: kill EPERM[22m
[2m  - [pid=41408] <process did exit: exitCode=21, signal=null>[22m
[2m  - [pid=41408] starting temporary directories cleanup[22m
[2m  - [pid=41408] finished temporary directories cleanup[22m
[2m  - [pid=41408] <gracefully close end>[22m
    at async Proxy.launchPersistentContext (/Users/sanchitjain/vscode_files/book_listing_automator/node_modules/playwright-extra/dist/index.cjs.js:703:25)
    at async initBrowser (/Users/sanchitjain/vscode_files/book_listing_automator/utils/browser.js:13:19)
    at async /Users/sanchitjain/vscode_files/book_listing_automator/scrapers/amazon-isbn/amazon-isbn.js:45:27
Node.js v22.17.1
================================================================================

